venv\Scripts\python : 
C:\Users\usEr\Desktop\
projectnew\app\service
s\ai_service.py:1: 
FutureWarning: 
At line:1 char:1
+ venv\Scripts\python 
scripts\test_batch_gra
ding.py 2>&1 | tee 
test_out ...
+ ~~~~~~~~~~~~~~~~~~~~
~~~~~~~~~~~~~~~~~~~~~~
~~~~~~~~~~~~
    + CategoryInfo    
          : NotSpeci  
  fied: (C:\Users\u   
 sEr\D...FutureWar    
ning: :String) []    
, RemoteException
    + FullyQualifiedE 
   rrorId : NativeCo  
  mmandError
 

All support for the 
`google.generativeai` 
package has ended. It 
will no longer be 
receiving 
updates or bug fixes. 
Please switch to the 
`google.genai` 
package as soon as 
possible.
See README for more 
details:

https://github.com/goo
gle-gemini/deprecated-
generative-ai-python/b
lob/main/README.md

  import 
google.generativeai 
as genai
DEBUG: Loading Gemini API Key. Length: 39
DEBUG: Key context: AIza...plrw
MongoDB client initialized (connection will be tested on first operation)
Testing Batch Grading (Parallel Optimization)...
AI Batch Grading started for 3 questions.
  Attempt 1: Calling Gemini API...
Batch attempt 1 failed: 429 You exceeded your current quota, please check your plan and billing details. For more information on this error, head to: https://ai.google.dev/gemini-api/docs/rate-limits. To monitor your current usage, head to: https://ai.dev/rate-limit. 
* Quota exceeded for metric: generativelanguage.googleapis.com/generate_content_free_tier_requests, limit: 20, model: gemini-3-flash
Please retry in 17.518646608s. [links {
  description: "Learn more about Gemini API quotas"
  url: "https://ai.google.dev/gemini-api/docs/rate-limits"
}
, violations {
  quota_metric: "generativelanguage.googleapis.com/generate_content_free_tier_requests"
  quota_id: "GenerateRequestsPerDayPerProjectPerModel-FreeTier"
  quota_dimensions {
    key: "model"
    value: "gemini-3-flash"
  }
  quota_dimensions {
    key: "location"
    value: "global"
  }
  quota_value: 20
}
, retry_delay {
  seconds: 17
}
]
  Attempt 2: Calling Gemini API...
Batch attempt 2 failed: 429 You exceeded your current quota, please check your plan and billing details. For more information on this error, head to: https://ai.google.dev/gemini-api/docs/rate-limits. To monitor your current usage, head to: https://ai.dev/rate-limit. 
* Quota exceeded for metric: generativelanguage.googleapis.com/generate_content_free_tier_requests, limit: 20, model: gemini-3-flash
Please retry in 16.44764266s. [links {
  description: "Learn more about Gemini API quotas"
  url: "https://ai.google.dev/gemini-api/docs/rate-limits"
}
, violations {
  quota_metric: "generativelanguage.googleapis.com/generate_content_free_tier_requests"
  quota_id: "GenerateRequestsPerDayPerProjectPerModel-FreeTier"
  quota_dimensions {
    key: "model"
    value: "gemini-3-flash"
  }
  quota_dimensions {
    key: "location"
    value: "global"
  }
  quota_value: 20
}
, retry_delay {
  seconds: 16
}
]
  Attempt 3: Calling Gemini API...
Batch attempt 3 failed: 429 You exceeded your current quota, please check your plan and billing details. For more information on this error, head to: https://ai.google.dev/gemini-api/docs/rate-limits. To monitor your current usage, head to: https://ai.dev/rate-limit. 
* Quota exceeded for metric: generativelanguage.googleapis.com/generate_content_free_tier_requests, limit: 20, model: gemini-3-flash
Please retry in 15.362843377s. [links {
  description: "Learn more about Gemini API quotas"
  url: "https://ai.google.dev/gemini-api/docs/rate-limits"
}
, violations {
  quota_metric: "generativelanguage.googleapis.com/generate_content_free_tier_requests"
  quota_id: "GenerateRequestsPerDayPerProjectPerModel-FreeTier"
  quota_dimensions {
    key: "model"
    value: "gemini-3-flash"
  }
  quota_dimensions {
    key: "location"
    value: "global"
  }
  quota_value: 20
}
, retry_delay {
  seconds: 15
}
]
Batch Result: [{'score': 0, 'feedback': 'เกิดข้อผิดพลาดในการตรวจ'}, {'score': 0, 'feedback': 'เกิดข้อผิดพลาดในการตรวจ'}, {'score': 0, 'feedback': 'เกิดข้อผิดพลาดในการตรวจ'}]
Total time for 3 questions: 2.52 seconds
SUCCESS: Batch Grading is working and efficient!
Disconnected from MongoDB
